20:52:28 **** Incremental Build of configuration Debug for project TIMER ****
make -j8 all 
arm-none-eabi-gcc "../Core/Src/main.c" -mcpu=cortex-m3 -std=gnu11 -g3 -DDEBUG -DUSE_HAL_DRIVER -DSTM32F103x6 -c -I../Core/Inc -I../Drivers/STM32F1xx_HAL_Driver/Inc -I../Drivers/STM32F1xx_HAL_Driver/Inc/Legacy -I../Drivers/CMSIS/Device/ST/STM32F1xx/Include -I../Drivers/CMSIS/Include -O0 -ffunction-sections -fdata-sections -Wall -fstack-usage -MMD -MP -MF"Core/Src/main.d" -MT"Core/Src/main.o" --specs=nano.specs -mfloat-abi=soft -mthumb -o "Core/Src/main.o"
arm-none-eabi-gcc "../Core/Src/software_timer.c" -mcpu=cortex-m3 -std=gnu11 -g3 -DDEBUG -DUSE_HAL_DRIVER -DSTM32F103x6 -c -I../Core/Inc -I../Drivers/STM32F1xx_HAL_Driver/Inc -I../Drivers/STM32F1xx_HAL_Driver/Inc/Legacy -I../Drivers/CMSIS/Device/ST/STM32F1xx/Include -I../Drivers/CMSIS/Include -O0 -ffunction-sections -fdata-sections -Wall -fstack-usage -MMD -MP -MF"Core/Src/software_timer.d" -MT"Core/Src/software_timer.o" --specs=nano.specs -mfloat-abi=soft -mthumb -o "Core/Src/software_timer.o"
../Core/Src/software_timer.c:7:28: warning: extra tokens at end of #include directive
    7 | #include "software_timer.h">
      |                            ^
arm-none-eabi-gcc -o "TIMER.elf" @"objects.list"   -mcpu=cortex-m3 -T"C:\Users\Hong Phat\Desktop\LAB2 MCU\TIMER\STM32F103C6UX_FLASH.ld" --specs=nosys.specs -Wl,-Map="TIMER.map" -Wl,--gc-sections -static --specs=nano.specs -mfloat-abi=soft -mthumb -Wl,--start-group -lc -lm -Wl,--end-group
Finished building target: TIMER.elf
 
arm-none-eabi-size   TIMER.elf 
arm-none-eabi-objdump -h -S  TIMER.elf  > "TIMER.list"
arm-none-eabi-objcopy  -O ihex  TIMER.elf  "TIMER.hex"
   text	   data	    bss	    dec	    hex	filename
   7988	     24	   1656	   9668	   25c4	TIMER.elf
arm-none-eabi-objcopy  -O binary  TIMER.elf  "TIMER.bin"
Finished building: default.size.stdout
 
Finished building: TIMER.hex
Finished building: TIMER.bin
 
 
Finished building: TIMER.list
 

20:52:29 Build Finished. 0 errors, 1 warnings. (took 1s.76ms)

